// Vitest Snapshot v1, https://vitest.dev/guide/snapshot.html

exports[`accessibility tree > the install dialog is a labelled dialog with described steps 1`] = `
- dialog "Install this app":
  - heading "Install this app" [level=2]
  - paragraph: Installed, it opens like any other app — full screen, offline, and your data stays on this device.
  - paragraph: Your browser can install it directly.
  - button "Install"
  - button "Close"
`;

exports[`accessibility tree > the tab bar names every destination 1`] = `
- navigation "Main navigation":
  - button "Settings"
`;
